fn main() {
    println!("This is a placeholder for the main function.");
    // You can call other functions or implement logic here.
}


// this line is error by following line
// torin DELETE NEIGHBOR rule=debug
fn e2() {
    panic!("This function is not implemented yet");
}
// this line is error by above `torin`

// torin ERROR NEIGHBOR rule=debug
